// Jest Snapshot v1, https://goo.gl/fbAQLP

exports[`Pruebas en <FirstApp /> Debe hacer match con el snapshot 1`] = `
<div>
  <h1
    data-testid="test-title"
  >
     
    Hola, soy Goku
     
  </h1>
  <p>
    Esto es un subtitulo
  </p>
  <h3>
    Esto es una peticion de saludo
  </h3>
  <p>
    No hay subtitulo1
  </p>
  <p>
    No hay subtitulo
  </p>
  <p>
    Alberto Anta
  </p>
</div>
`;

exports[`Pruebas en <FirstApp /> Debe hacer match con elsnapshot 1`] = `
<div>
  <h1
    data-testid="test-title"
  >
     
    Hola, soy Goku
     
  </h1>
  <p>
    Esto es un subtitulo
  </p>
  <h3>
    Esto es una peticion de saludo
  </h3>
  <p>
    No hay subtitulo1
  </p>
  <p>
    No hay subtitulo
  </p>
  <p>
    Alberto Anta
  </p>
</div>
`;
